Explore how hosts, web properties, and certificates have changed over time.        
                                                                                   
Returns raw data showing events, observations, and snapshots for the specified time
window.                                                                            
                                                                                   
To retrieve certificate history, you must have access to the Threat Hunting module.

Usage:
  censys history <asset> [flags]

Examples:
  censys history 8.8.8.8 --start 2025-01-01T00:00:00Z --duration 30d
  censys history example.com:443 --end 2025-05-31T00:00:00Z --duration 72d
  censys history 56a06a23... --start 2025-01-01T00:00:00Z --end 2025-01-31T00:00:00Z
  censys history example.com:443 --duration 7d
  censys history 8.8.8.8 --duration 14d

Flags:
  -d, --duration string   time window (e.g., 1d, 1w, 1y, 2h). Defaults to 7d (default "168h0m0s")
  -e, --end string        end time
  -h, --help              help for history
  -o, --org-id string     override the configured organization ID
  -s, --start string      start time

Global Flags:
      --debug                  enable debug logging
      --no-color               disable ANSI colors and styles
      --no-spinner             disable spinner during operations
  -O, --output-format string   output format (json|yaml|ndjson|tree) (default "json")
  -q, --quiet                  suppress non-essential output
      --timeout duration       overall command timeout (e.g. 30s, 2m) (default 30s)

